[dotenv@17.2.3] injecting env (7) from .env.local -- tip: Γ£à audit secrets and track compliance: https://dotenvx.com/ops
Testing MongoDB Connection...
URI defined: true
Connecting to: mongodb+srv://pin:****@luvvy0.8hwiwfp.mongodb.net/?appName=Luvvy0
node : CONNECTION FAILED:
At line:1 char:1
+ node test-db.js > 
test-output.txt 2>&1
+ ~~~~~~~~~~~~~~~~~~~~~~~~~~~~~~
~~~~~~~~
    + CategoryInfo          : N 
   otSpecified: (CONNECTION FA  
  ILED::String) [], RemoteExc   
 eption
    + FullyQualifiedErrorId : N 
   ativeCommandError
 
Server selection timed out 
after 5000 ms

--- TROUBLESHOOTING ---
1. IP WHITELIST: Go to MongoDB Atlas > Network Access > Add IP Address > Allow Access from Anywhere (0.0.0.0/0).
2. FIREWALL: Ensure your network (Wi-Fi/VPN) allows outbound connections to port 27017.
3. USERNAME/PASSWORD: Check if your credentials in .env.local are correct.
